[keepalive 18:38:55] starting bun run dev...
[keepalive 18:38:55] dev PID=6308
[Tue Jul 21 18:39:58 UTC 2026] starting dev server...
[Tue Jul 21 18:40:49 UTC 2026] server exited with 0, restarting in 3s...
[Tue Jul 21 18:41:30 UTC 2026] sandbox watchdog starting (heap=2048MB)...
[Tue Jul 21 18:41:30 UTC 2026] starting next dev...
[Tue Jul 21 18:51:14 UTC 2026] sandbox watchdog starting (heap=2048MB)...
[Tue Jul 21 18:51:14 UTC 2026] starting next dev --webpack...
[Fri Jul 24 18:23:32 UTC 2026] sandbox watchdog starting (heap=2048MB)...
[Fri Jul 24 18:23:32 UTC 2026] starting next dev --webpack...
[Fri Jul 24 18:24:18 UTC 2026] sandbox watchdog starting (heap=2048MB)...
[Fri Jul 24 18:24:18 UTC 2026] starting next dev --webpack...
[Fri Jul 24 18:25:46 UTC 2026] sandbox watchdog starting (heap=2048MB, turbopack)...
[Fri Jul 24 18:25:46 UTC 2026] starting next dev (turbopack)...
[Fri Jul 24 18:26:47 UTC 2026] sandbox watchdog starting (heap=2048MB, turbopack)...
[Fri Jul 24 18:26:47 UTC 2026] starting next dev (turbopack)...
[Fri Jul 24 18:27:58 UTC 2026] sandbox watchdog starting (heap=2048MB, turbopack)...
[Fri Jul 24 18:27:58 UTC 2026] starting next dev (turbopack)...
[Fri Jul 24 18:28:56 UTC 2026] sandbox watchdog starting (heap=2048MB, turbopack)...
[Fri Jul 24 18:28:56 UTC 2026] starting next dev (turbopack)...
[Fri Jul 24 18:30:58 UTC 2026] sandbox watchdog starting (heap=2048MB, turbopack)...
[Fri Jul 24 18:30:58 UTC 2026] starting next dev (turbopack)...
[Fri Jul 24 18:32:55 UTC 2026] sandbox watchdog starting (heap=2048MB, turbopack)...
[Fri Jul 24 18:32:55 UTC 2026] starting next dev (turbopack)...
[Fri Jul 24 18:34:41 UTC 2026] sandbox watchdog starting (heap=2048MB, turbopack)...
[Fri Jul 24 18:34:41 UTC 2026] starting next dev (turbopack)...
