[pocketbase-service] Installing dependencies...
bun install v1.3.14 (0d9b296a)
No packages! Deleted empty lockfile

[2.00ms] done
[pocketbase-service] Running bun run dev...
$ bun --hot index.ts
56 |     pbProcess = null;
57 |   });
58 | }
59 | 
60 | // Health check endpoint (simple HTTP server)
61 | const healthServer = Bun.serve({
                              ^
error: Failed to start server. Is port 8091 in use?
 syscall: "listen",
   errno: 0,
    code: "EADDRINUSE"

      at /home/z/my-project/mini-services/pocketbase-service/i[PB-Service] Starting PocketBase on 0.0.0.0:8090...
[PocketBase] Error: Failed to apply migration 1779219268_created_case_timeline.js: fields: (1: (collectionId: The relation collection doesn't exist..).).
[PB-Service] Process exited with code 0, signal null
[PB-Service] Restarting... (attempt 2/10)
[PB-Service] Starting PocketBase on 0.0.0.0:8090...
[PocketBase] Error: Failed to apply migration 1779219268_created_case_timeline.js: fields: (1: (collectionId: The relation collection doesn't exist..).).
[PB-Service] Process exited with code 0, signal null
[PB-Service] Restarting... (attempt 3/10)
[PB-Service] Starting PocketBase on 0.0.0.0:8090...
[PocketBase] Error: Failed to apply migration 1779219268_created_case_timeline.js: fields: (1: (collectionId: The relation collection doesn't exist..).).
[PB-Service] Process exited with code 0, signal null
[PB-Service] Restarting... (attempt 4/10)
[PB-Service] Starting PocketBase on 0.0.0.0:8090...
[PocketBase] Error: Failed to apply migration 1779219268_created_case_timeline.js: fields: (1: (collectionId: The relation collection doesn't exist..).).
[PB-Service] Process exited with code 0, signal null
[PB-Service] Restarting... (attempt 5/10)
[PB-Service] Starting PocketBase on 0.0.0.0:8090...
[PocketBase] Error: Failed to apply migration 1779219268_created_case_timeline.js: fields: (1: (collectionId: The relation collection doesn't exist..).).
[PB-Service] Process exited with code 0, signal null
[PB-Service] Restarting... (attempt 6/10)
[PB-Service] Starting PocketBase on 0.0.0.0:8090...
[PocketBase] Error: Failed to apply migration 1779219268_created_case_timeline.js: fields: (1: (collectionId: The relation collection doesn't exist..).).
[PB-Service] Process exited with code 0, signal null
[PB-Service] Restarting... (attempt 7/10)
[PB-Service] Starting PocketBase on 0.0.0.0:8090...
[PocketBase] Error: Failed to apply migration 1779219268_created_case_timeline.js: fields: (1: (collectionId: The relation collection doesn't exist..).).
[PB-Service] Process exited with code 0, signal null
[PB-Service] Restarting... (attempt 8/10)
[PB-Service] Starting PocketBase on 0.0.0.0:8090...
[PocketBase] Error: Failed to apply migration 1779219268_created_case_timeline.js: fields: (1: (collectionId: The relation collection doesn't exist..).).
[PB-Service] Process exited with code 0, signal null
[PB-Service] Restarting... (attempt 9/10)
[PB-Service] Starting PocketBase on 0.0.0.0:8090...
[PocketBase] Error: Failed to apply migration 1779219268_created_case_timeline.js: fields: (1: (collectionId: The relation collection doesn't exist..).).
[PB-Service] Process exited with code 0, signal null
[PB-Service] Restarting... (attempt 10/10)
[PB-Service] Starting PocketBase on 0.0.0.0:8090...
[PocketBase] Error: Failed to apply migration 1779219268_created_case_timeline.js: fields: (1: (collectionId: The relation collection doesn't exist..).).
[PB-Service] Process exited with code 0, signal null
[PB-Service] Max restarts reached. Exiting.
error: script "dev" exited with code 1
